
 Start  Stop   Length Name               Class

 00000H 0D70EH 0D70FH _TEXT              CODE
 0D70FH 0DA87H 00379H _IO_TEXT           CODE
 0DA88H 0DBC4H 0013DH _IO_FIXED_DATA     CODE
 0DBD0H 0E67FH 00AB0H _FIXED_DATA        DATA
 0E680H 0F437H 00DB8H _DATA              DATA
 0F438H 1012FH 00CF8H _BSS               BSS
 10130H 10731H 00602H _BSSEND            STACK

  Address         Publics by Name

 0DBD:2760       blk_stk_top
 0DBD:2960       clk_stk_top
 0000:D8C0       CommonNdRdExit
 0000:DBAE       ComTable
 0000:D8E9       ConInpFlush
 0000:D895       ConRead
 0000:DB62       ConTable
 0000:D901       ConWrite
 0DBD:0588       critical_sp
 0DBD:058A       current_ddsc
 0DBD:059A       current_device
 0DBD:05CE       current_filepos
 0DBD:05AA       current_ifn
 0DBD:05A2       current_ldt
 0DBD:0000       DATASTART
 0000:D5A8       F_LDIV@
 0000:D5B7       F_LMOD@
 0000:D5AF       F_LUDIV@
 0000:D5BF       F_LUMOD@
 0000:D656       F_LXLSH@
 0000:D6AF       F_LXRSH@
 0000:D677       F_LXURSH@
 0000:D6D2       F_SPUSH@
 0000:D7F7       GetUnitNum
 0000:D450       getvec
 0DBD:0584       int21regs_off
 0DBD:0586       int21regs_seg
 0DBD:0580       int24_esbp
 0000:D8A0       KbdRdChar
 0DBD:2B62       last
 0000:D5A8       LDIV@
 0000:D5B7       LMOD@
 0000:DB7A       LptTable
 0000:D5AF       LUDIV@
 0000:D5BF       LUMOD@
 0000:D656       LXLSH@
 0000:D6AF       LXRSH@
 0000:D677       LXURSH@
 0DBD:0026       MARK0026H
 0DBD:01FB       MARK01FBH
 0DBD:0305       net_name
 0DBD:0304       net_set_count
 0000:D5A5       N_LDIV@
 0000:D5B4       N_LMOD@
 0000:D5AC       N_LUDIV@
 0000:D5BC       N_LUMOD@
 0000:D653       N_LXLSH@
 0000:D695       N_LXMUL@
 0000:D6AC       N_LXRSH@
 0000:D674       N_LXURSH@
 0000:D6F3       N_SCOPY@
 0000:D6CC       N_SPUSH@
 0DBD:033C       owning_psp
 0DBD:05F0       prev_int21regs_off
 0DBD:05F2       prev_int21regs_seg
 0000:D432       setvec
 0DBD:0303       sharing_flag
 0000:D6D2       SPUSH@
 0DBD:2B60       stack_bottom
 0DBD:057E       term_psp
 0DBD:0AB6       uPrtNo
 0000:9A17       _add_far
 0000:9A45       _adjust_far
 0DBD:186E       _api_sp
 0DBD:1870       _api_ss
 0000:DAAC       _aux_dev
 0000:BD2E       _BcdToByte
 0000:BD4B       _BcdToWord
 0000:D236       _bcopy
 0DBD:0C61       _bDumpRdWrParms
 0DBD:0C5F       _bDumpRegs
 0000:DB4E       _blk_dev
 0DBD:1FCA       _blk_devices
 0000:2273       _blk_driver
 0000:2BF4       _block_error
 0DBD:0069       _BootDrive
 0DBD:0337       _break_ena
 0DBD:034D       _break_flg
 0000:D928       _break_handler
 0000:006B       _break_key
 0DBD:1B8A       _buffer
 0DBD:1FBE       _buffers
 0000:BDE2       _ByteToBcd
 0DBD:003C       _CDSp
 0000:D2AF       _CharMapSrvc
 0000:0AAE       _CharName
 0DBD:035A       _CharReqHdr
 0DBD:0AA0       _char_api_tos
 0000:2BD0       _char_error
 0000:107C       _check_break
 0000:C307       _ChildEnv
 0DBD:03B6       _ClkRecord
 0DBD:035A       _ClkReqHdr
 0000:DB3C       _clk_dev
 0000:BA55       _clk_driver
 0DBD:002E       _clock
 0000:1840       _CloneHandle
 0DBD:0C67       _Config
 0000:937A       _configDone
 0000:0CF6       _con_break
 0000:DA88       _con_dev
 0000:0CB1       _con_hold
 0DBD:0C63       _copyright
 0000:00A9       _cpm_entry
 0DBD:0326       _CritErrAction
 0DBD:0327       _CritErrClass
 0DBD:0324       _CritErrCode
 0DBD:0328       _CritErrDev
 0DBD:0322       _CritErrDrive
 0DBD:0323       _CritErrLocus
 0000:025C       _CriticalError
 0DBD:0315       _CritPatch
 0DBD:0330       _cu_psp
 0DBD:0350       _DayOfMonth
 0DBD:0356       _DayOfWeek
 0DBD:0336       _default_drive
 0000:0C23       _destr_bs
 0000:D364       _device_end
 0DBD:054B       _DirEntBuffer
 0000:3278       _dir_close
 0000:2C18       _dir_open
 0000:2E89       _dir_read
 0000:30D5       _dir_write
 0000:D362       _disable
 0DBD:0920       _disk_api_tos
 0000:93A6       _DoConfig
 0000:1CAA       _DosChangeDir
 0000:5A68       _DosCharInput
 0000:5A02       _DosCharInputEcho
 0000:5BB2       _DosCharOutput
 0000:1B54       _DosClose
 0000:1691       _DosCreat
 0000:8564       _DosDevIOctl
 0000:5AC5       _DosDirectConsoleIO
 0000:5C1A       _DosDisplayOutput
 0000:1871       _DosDup
 0000:CFC3       _DosExec
 0000:1D49       _DosFindFirst
 0000:1D5D       _DosFindNext
 0000:18EF       _DosForceDup
 0000:1C52       _DosGetCuDir
 0000:C0C6       _DosGetDate
 0000:1E05       _DosGetFattr
 0000:1BDC       _DosGetFree
 0000:1D61       _DosGetFtime
 0000:A13F       _DosGetLargestBlock
 0000:BF7F       _DosGetTime
 0000:9A79       _DosMemAlloc
 0000:9EE1       _DosMemChange
 0000:A08F       _DosMemCheck
 0000:9E0F       _DosMemFree
 0000:9D58       _DosMemLargest
 0000:A474       _DosMkTmp
 0000:197E       _DosOpen
 0000:59E3       _DosOutputString
 0000:1135       _DosRead
 0000:1488       _DosSeek
 0000:C1DA       _DosSetDate
 0000:1E1C       _DosSetFattr
 0000:1DB3       _DosSetFtime
 0000:BFE3       _DosSetTime
 0000:B187       _DosTrimPath
 0000:12D5       _DosWrite
 0000:51A0       _dos_cd
 0000:3A05       _dos_close
 0000:3BB8       _dos_creat
 0000:3D9D       _dos_delete
 0000:32BD       _dos_findfirst
 0000:3504       _dos_findnext
 0000:510D       _dos_free
 0000:43DF       _dos_getcufsize
 0000:4294       _dos_getdate
 0000:5264       _dos_getfattr
 0000:4417       _dos_getfsize
 0000:434D       _dos_getftime
 0000:42E3       _dos_gettime
 0000:5080       _dos_lseek
 0000:450B       _dos_mkdir
 0000:38DD       _dos_open
 0000:5183       _dos_pwd
 0000:4F7C       _dos_read
 0000:3F85       _dos_rename
 0000:3E46       _dos_rmdir
 0000:5252       _dos_setdta
 0000:52BD       _dos_setfattr
 0000:444F       _dos_setfsize
 0000:4393       _dos_setftime
 0000:4FB1       _dos_write
 0DBD:0026       _DPBp
 0DBD:001E       _DskBuffer
 0000:0990       _dskxfer
 0DBD:032C       _dta
 0000:2B51       _dump
 0DBD:22EA       _dump_regs
 0000:8530       _empty_handler
 0000:D360       _enable
 0DBD:0320       _ErrorMode
 0DBD:22EC       _error_regs
 0DBD:07A0       _error_tos
 0000:D286       _execrh
 0000:D2CC       _exec_user
 0000:004C       _exit
 0000:A881       _ExtCtryInfo
 0000:99D0       _far2para
 0000:2BB7       _fatal
 0000:5C70       _FatGetDrvData
 0000:D25F       _fbcopy
 0000:62E1       _FcbCalcRec
 0000:6DE2       _FcbClose
 0000:6517       _FcbCreate
 0000:6AA7       _FcbDelete
 0000:6E9A       _FcbFindFirst
 0000:6F82       _FcbFindNext
 0000:61F8       _FcbGetFileSize
 0000:6755       _FcbNameInit
 0000:689A       _FcbOpen
 0DBD:0040       _FCBp
 0000:5CE9       _FcbParseFname
 0000:631E       _FcbRandomBlockRead
 0000:6380       _FcbRandomBlockWrite
 0000:63E2       _FcbRandomRead
 0000:643F       _FcbRandomWrite
 0000:5FB5       _FcbRead
 0000:6B3F       _FcbRename
 0DBD:0620       _FcbSearchBuffer
 0000:62A9       _FcbSetRandom
 0000:60F1       _FcbWrite
 0000:399C       _fcmp
 0000:39C8       _fcmp_wild
 0000:0904       _fill
 0000:0A6C       _finddev
 0DBD:0038       _firstbuf
 0DBD:0024       _first_mcb
 0000:08BC       _flush
 0000:0819       _flush1
 0000:07CB       _flush_buffers
 0000:D40E       _fl_format
 0000:D411       _fl_nrdrives
 0000:D37C       _fl_rd_status
 0000:D38C       _fl_read
 0000:D36F       _fl_reset
 0000:D3EE       _fl_verify
 0000:D3BD       _fl_write
 0000:A0E3       _FreeProcessMem
 0000:8B51       _FsConfig
 0000:A285       _fscopy
 0000:A2AE       _fsncopy
 0000:B918       _fstrcmp
 0000:B840       _fstrlen
 0000:B99B       _fstrncmp
 0000:B9EB       _fstrncpy
 0DBD:1FC6       _f_nodes
 0000:0528       _getblock
 0000:0667       _getbuf
 0000:A864       _GetCtryInfo
 0000:BE49       _getdirent
 0000:A7BF       _GetGlblCodePage
 0000:5E92       _GetNameField
 0000:9586       _GetNumArg
 0000:A365       _GetNumber
 0000:95B2       _GetStringArg
 0000:D445       _getvec
 0000:51F1       _get_f_node
 0000:1098       _get_sft
 0000:D2F3       _handle_break
 0DBD:0321       _InDOS
 0000:03B1       _init_buffers
 0000:8F5E       _init_device
 0000:70B8       _init_oem
 0000:D17D       _init_stacks
 0000:00E7       _int20_handler
 0DBD:033A       _Int21AX
 0000:70CA       _int21_entry
 0000:00E9       _int21_handler
 0000:722E       _int21_service
 0000:70E0       _int21_syscall
 0000:82B4       _int22_handler
 0000:82CC       _int23_handler
 0000:0259       _int24_handler
 0000:8306       _int25_handler
 0000:83F8       _int26_handler
 0000:01B0       _int27_handler
 0000:8518       _int28_handler
 0000:D915       _int29_handler
 0000:D072       _int2f_handler
 0000:A968       _internalUpcase
 0DBD:0320       _internal_data
 0000:D7E9       _IOCommandError
 0000:D7E5       _IODone
 0000:D7EB       _IOErrCnt
 0000:D7F3       _IOErrorExit
 0000:D7D1       _IOExit
 0DBD:0392       _IoReqHdr
 0000:D7C8       _IOSuccess
 0000:B0E1       _IsDevice
 0000:A34A       _isnum
 0000:0D3A       _KbdBusy
 0000:0D74       _KbdFlush
 0DBD:027B       _kb_buf
 0DBD:1FB6       _kstackp
 0DBD:2B62       _last
 0DBD:1FC2       _lastbuf
 0DBD:0047       _lastdrive
 0000:489A       _last_link
 0000:90D8       _link_dhdr
 0000:556D       _link_fat
 0000:5657       _link_fat12
 0000:55A1       _link_fat16
 0000:AAC8       _LoadCountryInfo
 0DBD:0620       _LocalPath
 0000:9A01       _long2para
 0000:9518       _LookUp
 0000:01C5       _low_int25_handler
 0000:020F       _low_int26_handler
 0DBD:2516       _lpBase
 0DBD:059E       _lpCurSft
 0DBD:05A6       _lpFcb
 0DBD:0570       _lpUserStack
 0DBD:033E       _MachineId
 0000:89C7       _main
 0000:4A38       _map_cluster
 0DBD:2309       _master_env
 0DBD:0036       _maxbksize
 0000:999E       _mcb_init
 0000:A1F0       _mcb_print
 0DBD:037C       _MediaReqHdr
 0000:5320       _media_check
 0DBD:0302       _mem_access_mode
 0000:0BFA       _mod_sto
 0DBD:0351       _Month
 0000:6CAD       _MoveDirInfo
 0DBD:0046       _nblkdev
 0DBD:001C       _NetDelay
 0DBD:001A       _NetRetry
 0000:C42D       _new_psp
 0000:5883       _next_cl12
 0000:57F7       _next_cl16
 0000:57C9       _next_cluster
 0DBD:005A       _njoined
 0000:A7A7       _NlsFuncInst
 0DBD:1461       _nlsInfo
 0DBD:0044       _nprotfcb
 0DBD:0048       _nul_dev
 0000:005B       _nul_intr
 0000:0050       _nul_strtgy
 0DBD:1868       _NumFloppies
 0DBD:0C5C       _os_major
 0DBD:0C5D       _os_minor
 0DBD:0C65       _os_release
 0000:2B9E       _panic
 0000:AD4B       _ParseDosName
 0000:AF64       _ParseDosPath
 0000:5E10       _ParseSkipWh
 0DBD:2304       _pDirFileNode
 0DBD:230C       _pLineStart
 0000:9264       _PostConfig
 0000:915C       _PreConfig
 0DBD:05F0       _prev_user_r
 0DBD:02FE       _PrinterEcho
 0000:B4B0       _printf
 0000:DA9A       _prn_dev
 0000:1E33       _processtable
 0000:BED0       _putdirent
 0000:B342       _put_console
 0DBD:1876       _ram_top
 0000:4B3F       _rdwrblock
 0000:D508       _ReadATClock
 0000:D4E0       _ReadPCClock
 0000:89E1       _reinit_k
 0000:5237       _release_f_node
 0DBD:1878       _ReqPktPtr
 0000:D213       _restore_stack
 0DBD:0334       _return_code
 0DBD:0335       _return_mode
 0000:C8D6       _return_user
 0DBD:0C5E       _rev_number
 0DBD:2306       _RootPsp
 0000:A309       _scan
 0000:A399       _scan_seperator
 0000:A266       _scopy
 0DBD:0300       _scr_pos
 0DBD:04D3       _SearchDir
 0000:5556       _select_unit
 0000:A7F3       _SetCtryInfo
 0000:A7D9       _SetGlblCodePage
 0000:078E       _setinvld
 0000:A3BF       _SetJFTSize
 0000:D421       _setvec
 0000:D1E8       _set_stack
 0DBD:002A       _sfthead
 0000:A1AC       _show_chain
 0DBD:108A       _singleStep
 0000:953E       _SkipLine
 0000:A2E1       _skipwh
 0000:AD2D       _SpacePad
 0000:B4C7       _sprintf
 0000:0DDD       _sti
 0000:0B9B       _sto
 0000:B8CA       _strcat
 0000:B8E5       _strcmp
 0000:B858       _strcpy
 0000:B829       _strlen
 0000:B95D       _strncmp
 0000:B8A0       _strncpy
 0DBD:033A       _swap_always
 0DBD:0AAC       _swap_indos
 0DBD:0301       _switchar
 0DBD:0032       _syscon
 0000:D478       _tdelay
 0DBD:04BE       _TempBuffer
 0DBD:04F3       _TempCDS
 0000:5E2F       _TestCmnSeps
 0000:5E5C       _TestFieldSeps
 0000:D465       _tmark
 0000:BA1F       _tolower
 0000:BA3A       _toupper
 0000:A64D       _truename
 0DBD:057C       _tsr
 0000:D4AE       _twait
 0000:AA32       _upChar
 0000:AA7D       _upFChar
 0000:AAB0       _upFMem
 0000:AA8F       _upFString
 0000:A990       _upMChar
 0000:AA65       _upMem
 0000:A9C1       _upMMem
 0000:AA44       _upString
 0DBD:0584       _user_r
 0DBD:1872       _usr_sp
 0DBD:1874       _usr_ss
 0DBD:1FBA       _ustackp
 0DBD:02FF       _verify_ena
 0DBD:2308       _version_flags
 0DBD:056B       _wAttr
 0000:BE01       _WordToBcd
 0000:D573       _WriteATClock
 0000:D561       _WritePCClock
 0000:AD06       _XlateLcase
 0000:5514       _xlt_fd
 0000:5539       _xlt_fnp
 0DBD:0357       _Year
 0DBD:0352       _YearsSince1980
 0000:AA08       _yesNo
 0000:A243       __fmemcpy
 0000:B877       __fstrcpy
 0DBD:03BE       __PriPathBuffer
 0DBD:043E       __SecPathBuffer
 0000:0C3C       __sti

  Address         Publics by Value

 0000:004C       _exit
 0000:0050       _nul_strtgy
 0000:005B       _nul_intr
 0000:006B       _break_key
 0000:00A9       _cpm_entry
 0000:00E7       _int20_handler
 0000:00E9       _int21_handler
 0000:01B0       _int27_handler
 0000:01C5       _low_int25_handler
 0000:020F       _low_int26_handler
 0000:0259       _int24_handler
 0000:025C       _CriticalError
 0000:03B1       _init_buffers
 0000:0528       _getblock
 0000:0667       _getbuf
 0000:078E       _setinvld
 0000:07CB       _flush_buffers
 0000:0819       _flush1
 0000:08BC       _flush
 0000:0904       _fill
 0000:0990       _dskxfer
 0000:0A6C       _finddev
 0000:0AAE       _CharName
 0000:0B9B       _sto
 0000:0BFA       _mod_sto
 0000:0C23       _destr_bs
 0000:0C3C       __sti
 0000:0CB1       _con_hold
 0000:0CF6       _con_break
 0000:0D3A       _KbdBusy
 0000:0D74       _KbdFlush
 0000:0DDD       _sti
 0000:107C       _check_break
 0000:1098       _get_sft
 0000:1135       _DosRead
 0000:12D5       _DosWrite
 0000:1488       _DosSeek
 0000:1691       _DosCreat
 0000:1840       _CloneHandle
 0000:1871       _DosDup
 0000:18EF       _DosForceDup
 0000:197E       _DosOpen
 0000:1B54       _DosClose
 0000:1BDC       _DosGetFree
 0000:1C52       _DosGetCuDir
 0000:1CAA       _DosChangeDir
 0000:1D49       _DosFindFirst
 0000:1D5D       _DosFindNext
 0000:1D61       _DosGetFtime
 0000:1DB3       _DosSetFtime
 0000:1E05       _DosGetFattr
 0000:1E1C       _DosSetFattr
 0000:1E33       _processtable
 0000:2273       _blk_driver
 0000:2B51       _dump
 0000:2B9E       _panic
 0000:2BB7       _fatal
 0000:2BD0       _char_error
 0000:2BF4       _block_error
 0000:2C18       _dir_open
 0000:2E89       _dir_read
 0000:30D5       _dir_write
 0000:3278       _dir_close
 0000:32BD       _dos_findfirst
 0000:3504       _dos_findnext
 0000:38DD       _dos_open
 0000:399C       _fcmp
 0000:39C8       _fcmp_wild
 0000:3A05       _dos_close
 0000:3BB8       _dos_creat
 0000:3D9D       _dos_delete
 0000:3E46       _dos_rmdir
 0000:3F85       _dos_rename
 0000:4294       _dos_getdate
 0000:42E3       _dos_gettime
 0000:434D       _dos_getftime
 0000:4393       _dos_setftime
 0000:43DF       _dos_getcufsize
 0000:4417       _dos_getfsize
 0000:444F       _dos_setfsize
 0000:450B       _dos_mkdir
 0000:489A       _last_link
 0000:4A38       _map_cluster
 0000:4B3F       _rdwrblock
 0000:4F7C       _dos_read
 0000:4FB1       _dos_write
 0000:5080       _dos_lseek
 0000:510D       _dos_free
 0000:5183       _dos_pwd
 0000:51A0       _dos_cd
 0000:51F1       _get_f_node
 0000:5237       _release_f_node
 0000:5252       _dos_setdta
 0000:5264       _dos_getfattr
 0000:52BD       _dos_setfattr
 0000:5320       _media_check
 0000:5514       _xlt_fd
 0000:5539       _xlt_fnp
 0000:5556       _select_unit
 0000:556D       _link_fat
 0000:55A1       _link_fat16
 0000:5657       _link_fat12
 0000:57C9       _next_cluster
 0000:57F7       _next_cl16
 0000:5883       _next_cl12
 0000:59E3       _DosOutputString
 0000:5A02       _DosCharInputEcho
 0000:5A68       _DosCharInput
 0000:5AC5       _DosDirectConsoleIO
 0000:5BB2       _DosCharOutput
 0000:5C1A       _DosDisplayOutput
 0000:5C70       _FatGetDrvData
 0000:5CE9       _FcbParseFname
 0000:5E10       _ParseSkipWh
 0000:5E2F       _TestCmnSeps
 0000:5E5C       _TestFieldSeps
 0000:5E92       _GetNameField
 0000:5FB5       _FcbRead
 0000:60F1       _FcbWrite
 0000:61F8       _FcbGetFileSize
 0000:62A9       _FcbSetRandom
 0000:62E1       _FcbCalcRec
 0000:631E       _FcbRandomBlockRead
 0000:6380       _FcbRandomBlockWrite
 0000:63E2       _FcbRandomRead
 0000:643F       _FcbRandomWrite
 0000:6517       _FcbCreate
 0000:6755       _FcbNameInit
 0000:689A       _FcbOpen
 0000:6AA7       _FcbDelete
 0000:6B3F       _FcbRename
 0000:6CAD       _MoveDirInfo
 0000:6DE2       _FcbClose
 0000:6E9A       _FcbFindFirst
 0000:6F82       _FcbFindNext
 0000:70B8       _init_oem
 0000:70CA       _int21_entry
 0000:70E0       _int21_syscall
 0000:722E       _int21_service
 0000:82B4       _int22_handler
 0000:82CC       _int23_handler
 0000:8306       _int25_handler
 0000:83F8       _int26_handler
 0000:8518       _int28_handler
 0000:8530       _empty_handler
 0000:8564       _DosDevIOctl
 0000:89C7       _main
 0000:89E1       _reinit_k
 0000:8B51       _FsConfig
 0000:8F5E       _init_device
 0000:90D8       _link_dhdr
 0000:915C       _PreConfig
 0000:9264       _PostConfig
 0000:937A       _configDone
 0000:93A6       _DoConfig
 0000:9518       _LookUp
 0000:953E       _SkipLine
 0000:9586       _GetNumArg
 0000:95B2       _GetStringArg
 0000:999E       _mcb_init
 0000:99D0       _far2para
 0000:9A01       _long2para
 0000:9A17       _add_far
 0000:9A45       _adjust_far
 0000:9A79       _DosMemAlloc
 0000:9D58       _DosMemLargest
 0000:9E0F       _DosMemFree
 0000:9EE1       _DosMemChange
 0000:A08F       _DosMemCheck
 0000:A0E3       _FreeProcessMem
 0000:A13F       _DosGetLargestBlock
 0000:A1AC       _show_chain
 0000:A1F0       _mcb_print
 0000:A243       __fmemcpy
 0000:A266       _scopy
 0000:A285       _fscopy
 0000:A2AE       _fsncopy
 0000:A2E1       _skipwh
 0000:A309       _scan
 0000:A34A       _isnum
 0000:A365       _GetNumber
 0000:A399       _scan_seperator
 0000:A3BF       _SetJFTSize
 0000:A474       _DosMkTmp
 0000:A64D       _truename
 0000:A7A7       _NlsFuncInst
 0000:A7BF       _GetGlblCodePage
 0000:A7D9       _SetGlblCodePage
 0000:A7F3       _SetCtryInfo
 0000:A864       _GetCtryInfo
 0000:A881       _ExtCtryInfo
 0000:A968       _internalUpcase
 0000:A990       _upMChar
 0000:A9C1       _upMMem
 0000:AA08       _yesNo
 0000:AA32       _upChar
 0000:AA44       _upString
 0000:AA65       _upMem
 0000:AA7D       _upFChar
 0000:AA8F       _upFString
 0000:AAB0       _upFMem
 0000:AAC8       _LoadCountryInfo
 0000:AD06       _XlateLcase
 0000:AD2D       _SpacePad
 0000:AD4B       _ParseDosName
 0000:AF64       _ParseDosPath
 0000:B0E1       _IsDevice
 0000:B187       _DosTrimPath
 0000:B342       _put_console
 0000:B4B0       _printf
 0000:B4C7       _sprintf
 0000:B829       _strlen
 0000:B840       _fstrlen
 0000:B858       _strcpy
 0000:B877       __fstrcpy
 0000:B8A0       _strncpy
 0000:B8CA       _strcat
 0000:B8E5       _strcmp
 0000:B918       _fstrcmp
 0000:B95D       _strncmp
 0000:B99B       _fstrncmp
 0000:B9EB       _fstrncpy
 0000:BA1F       _tolower
 0000:BA3A       _toupper
 0000:BA55       _clk_driver
 0000:BD2E       _BcdToByte
 0000:BD4B       _BcdToWord
 0000:BDE2       _ByteToBcd
 0000:BE01       _WordToBcd
 0000:BE49       _getdirent
 0000:BED0       _putdirent
 0000:BF7F       _DosGetTime
 0000:BFE3       _DosSetTime
 0000:C0C6       _DosGetDate
 0000:C1DA       _DosSetDate
 0000:C307       _ChildEnv
 0000:C42D       _new_psp
 0000:C8D6       _return_user
 0000:CFC3       _DosExec
 0000:D072       _int2f_handler
 0000:D17D       _init_stacks
 0000:D1E8       _set_stack
 0000:D213       _restore_stack
 0000:D236       _bcopy
 0000:D25F       _fbcopy
 0000:D286       _execrh
 0000:D2AF       _CharMapSrvc
 0000:D2CC       _exec_user
 0000:D2F3       _handle_break
 0000:D360       _enable
 0000:D362       _disable
 0000:D364       _device_end
 0000:D36F       _fl_reset
 0000:D37C       _fl_rd_status
 0000:D38C       _fl_read
 0000:D3BD       _fl_write
 0000:D3EE       _fl_verify
 0000:D40E       _fl_format
 0000:D411       _fl_nrdrives
 0000:D421       _setvec
 0000:D432       setvec
 0000:D445       _getvec
 0000:D450       getvec
 0000:D465       _tmark
 0000:D478       _tdelay
 0000:D4AE       _twait
 0000:D4E0       _ReadPCClock
 0000:D508       _ReadATClock
 0000:D561       _WritePCClock
 0000:D573       _WriteATClock
 0000:D5A5       N_LDIV@
 0000:D5A8       LDIV@
 0000:D5A8       F_LDIV@
 0000:D5AC       N_LUDIV@
 0000:D5AF       F_LUDIV@
 0000:D5AF       LUDIV@
 0000:D5B4       N_LMOD@
 0000:D5B7       F_LMOD@
 0000:D5B7       LMOD@
 0000:D5BC       N_LUMOD@
 0000:D5BF       LUMOD@
 0000:D5BF       F_LUMOD@
 0000:D653       N_LXLSH@
 0000:D656       LXLSH@
 0000:D656       F_LXLSH@
 0000:D674       N_LXURSH@
 0000:D677       LXURSH@
 0000:D677       F_LXURSH@
 0000:D695       N_LXMUL@
 0000:D6AC       N_LXRSH@
 0000:D6AF       LXRSH@
 0000:D6AF       F_LXRSH@
 0000:D6CC       N_SPUSH@
 0000:D6D2       F_SPUSH@
 0000:D6D2       SPUSH@
 0000:D6F3       N_SCOPY@
 0000:D7C8       _IOSuccess
 0000:D7D1       _IOExit
 0000:D7E5       _IODone
 0000:D7E9       _IOCommandError
 0000:D7EB       _IOErrCnt
 0000:D7F3       _IOErrorExit
 0000:D7F7       GetUnitNum
 0000:D895       ConRead
 0000:D8A0       KbdRdChar
 0000:D8C0       CommonNdRdExit
 0000:D8E9       ConInpFlush
 0000:D901       ConWrite
 0000:D915       _int29_handler
 0000:D928       _break_handler
 0000:DA88       _con_dev
 0000:DA9A       _prn_dev
 0000:DAAC       _aux_dev
 0000:DB3C       _clk_dev
 0000:DB4E       _blk_dev
 0000:DB62       ConTable
 0000:DB7A       LptTable
 0000:DBAE       ComTable
 0DBD:0000       DATASTART
 0DBD:001A       _NetRetry
 0DBD:001C       _NetDelay
 0DBD:001E       _DskBuffer
 0DBD:0024       _first_mcb
 0DBD:0026       _DPBp
 0DBD:0026       MARK0026H
 0DBD:002A       _sfthead
 0DBD:002E       _clock
 0DBD:0032       _syscon
 0DBD:0036       _maxbksize
 0DBD:0038       _firstbuf
 0DBD:003C       _CDSp
 0DBD:0040       _FCBp
 0DBD:0044       _nprotfcb
 0DBD:0046       _nblkdev
 0DBD:0047       _lastdrive
 0DBD:0048       _nul_dev
 0DBD:005A       _njoined
 0DBD:0069       _BootDrive
 0DBD:01FB       MARK01FBH
 0DBD:027B       _kb_buf
 0DBD:02FE       _PrinterEcho
 0DBD:02FF       _verify_ena
 0DBD:0300       _scr_pos
 0DBD:0301       _switchar
 0DBD:0302       _mem_access_mode
 0DBD:0303       sharing_flag
 0DBD:0304       net_set_count
 0DBD:0305       net_name
 0DBD:0315       _CritPatch
 0DBD:0320       _ErrorMode
 0DBD:0320       _internal_data
 0DBD:0321       _InDOS
 0DBD:0322       _CritErrDrive
 0DBD:0323       _CritErrLocus
 0DBD:0324       _CritErrCode
 0DBD:0326       _CritErrAction
 0DBD:0327       _CritErrClass
 0DBD:0328       _CritErrDev
 0DBD:032C       _dta
 0DBD:0330       _cu_psp
 0DBD:0334       _return_code
 0DBD:0335       _return_mode
 0DBD:0336       _default_drive
 0DBD:0337       _break_ena
 0DBD:033A       _swap_always
 0DBD:033A       _Int21AX
 0DBD:033C       owning_psp
 0DBD:033E       _MachineId
 0DBD:034D       _break_flg
 0DBD:0350       _DayOfMonth
 0DBD:0351       _Month
 0DBD:0352       _YearsSince1980
 0DBD:0356       _DayOfWeek
 0DBD:0357       _Year
 0DBD:035A       _CharReqHdr
 0DBD:035A       _ClkReqHdr
 0DBD:037C       _MediaReqHdr
 0DBD:0392       _IoReqHdr
 0DBD:03B6       _ClkRecord
 0DBD:03BE       __PriPathBuffer
 0DBD:043E       __SecPathBuffer
 0DBD:04BE       _TempBuffer
 0DBD:04D3       _SearchDir
 0DBD:04F3       _TempCDS
 0DBD:054B       _DirEntBuffer
 0DBD:056B       _wAttr
 0DBD:0570       _lpUserStack
 0DBD:057C       _tsr
 0DBD:057E       term_psp
 0DBD:0580       int24_esbp
 0DBD:0584       _user_r
 0DBD:0584       int21regs_off
 0DBD:0586       int21regs_seg
 0DBD:0588       critical_sp
 0DBD:058A       current_ddsc
 0DBD:059A       current_device
 0DBD:059E       _lpCurSft
 0DBD:05A2       current_ldt
 0DBD:05A6       _lpFcb
 0DBD:05AA       current_ifn
 0DBD:05CE       current_filepos
 0DBD:05F0       _prev_user_r
 0DBD:05F0       prev_int21regs_off
 0DBD:05F2       prev_int21regs_seg
 0DBD:0620       _FcbSearchBuffer
 0DBD:0620       _LocalPath
 0DBD:07A0       _error_tos
 0DBD:0920       _disk_api_tos
 0DBD:0AA0       _char_api_tos
 0DBD:0AAC       _swap_indos
 0DBD:0AB6       uPrtNo
 0DBD:0C5C       _os_major
 0DBD:0C5D       _os_minor
 0DBD:0C5E       _rev_number
 0DBD:0C5F       _bDumpRegs
 0DBD:0C61       _bDumpRdWrParms
 0DBD:0C63       _copyright
 0DBD:0C65       _os_release
 0DBD:0C67       _Config
 0DBD:108A       _singleStep
 0DBD:1461       _nlsInfo
 0DBD:1868       _NumFloppies
 0DBD:186E       _api_sp
 0DBD:1870       _api_ss
 0DBD:1872       _usr_sp
 0DBD:1874       _usr_ss
 0DBD:1876       _ram_top
 0DBD:1878       _ReqPktPtr
 0DBD:1B8A       _buffer
 0DBD:1FB6       _kstackp
 0DBD:1FBA       _ustackp
 0DBD:1FBE       _buffers
 0DBD:1FC2       _lastbuf
 0DBD:1FC6       _f_nodes
 0DBD:1FCA       _blk_devices
 0DBD:22EA       _dump_regs
 0DBD:22EC       _error_regs
 0DBD:2304       _pDirFileNode
 0DBD:2306       _RootPsp
 0DBD:2308       _version_flags
 0DBD:2309       _master_env
 0DBD:230C       _pLineStart
 0DBD:2516       _lpBase
 0DBD:2760       blk_stk_top
 0DBD:2960       clk_stk_top
 0DBD:2B60       stack_bottom
 0DBD:2B62       _last
 0DBD:2B62       last

Program entry point at 0000:0000
Warning: No stack

